==31066== Memcheck, a memory error detector
==31066== Copyright (C) 2002-2017, and GNU GPL'd, by Julian Seward et al.
==31066== Using Valgrind-3.18.1 and LibVEX; rerun with -h for copyright info
==31066== Command: ./client_num localhost 1025 18 10
==31066== Parent PID: 19271
==31066== 
==31066== Invalid write of size 1
==31066==    at 0x10972F: main (client_num.c:130)
==31066==  Address 0x4aa4532 is 0 bytes after a block of size 18 alloc'd
==31066==    at 0x4848899: malloc (in /usr/libexec/valgrind/vgpreload_memcheck-amd64-linux.so)
==31066==    by 0x109554: main (client_num.c:81)
==31066== 
==31066== 
==31066== HEAP SUMMARY:
==31066==     in use at exit: 180 bytes in 20 blocks
==31066==   total heap usage: 57 allocs, 37 frees, 24,665 bytes allocated
==31066== 
==31066== 0 bytes in 10 blocks are definitely lost in loss record 1 of 2
==31066==    at 0x4848899: malloc (in /usr/libexec/valgrind/vgpreload_memcheck-amd64-linux.so)
==31066==    by 0x1093C4: gen_rdm_bytestream (client_num.c:20)
==31066==    by 0x10971D: main (client_num.c:129)
==31066== 
==31066== 180 bytes in 10 blocks are definitely lost in loss record 2 of 2
==31066==    at 0x4848899: malloc (in /usr/libexec/valgrind/vgpreload_memcheck-amd64-linux.so)
==31066==    by 0x1097C0: main (client_num.c:145)
==31066== 
==31066== LEAK SUMMARY:
==31066==    definitely lost: 180 bytes in 20 blocks
==31066==    indirectly lost: 0 bytes in 0 blocks
==31066==      possibly lost: 0 bytes in 0 blocks
==31066==    still reachable: 0 bytes in 0 blocks
==31066==         suppressed: 0 bytes in 0 blocks
==31066== 
==31066== For lists of detected and suppressed errors, rerun with: -s
==31066== ERROR SUMMARY: 12 errors from 3 contexts (suppressed: 0 from 0)
